{
  "task": "II6",
  "started_utc": "2026-09-08T16:40:13.722736+00:00",
  "hostname": "danil-B760M-DS3H-DDR4",
  "python": "3.13.13 | packaged by conda-forge | (main, Apr  8 2026, 02:00:33) [GCC 14.3.0]",
  "ase": "3.29.0",
  "qe_command": "mpirun -np 4 /home/danil/miniconda3/bin/pw.x",
  "cpu_affinity": [
    0,
    1,
    2,
    3,
    4,
    5,
    6,
    7,
    8,
    9,
    10,
    11,
    12,
    13,
    14,
    15,
    16,
    17,
    18,
    19,
    20,
    21,
    22,
    23,
    24,
    25,
    26,
    27,
    28,
    29,
    30,
    31
  ],
  "script_sha256": "cbd15df418eb85aea0960d1453ae12f95dcaeb71622a32877ddfe836b94d090f"
}
{'kgrid': [12, 12, 1], 'scf_energy_eV': -327.83533267611404, 'fermi_eV': -4.2403, 'dos_at_fermi': 0.23032799999999995, 'gamma_eigenvalues_eV': [-23.7784, -11.8676, -7.3014, -7.3014, -0.9488, -0.0453, 1.7543, 2.6639, 4.1436, 4.1436, 5.2604, 6.9227]}
{'kgrid': [18, 18, 1], 'scf_energy_eV': -327.83935805612924, 'fermi_eV': -4.2405, 'dos_at_fermi': 0.10234750000000004, 'gamma_eigenvalues_eV': [-23.7786, -11.8677, -7.3016, -7.3016, -0.9488, -0.0453, 1.7543, 2.6639, 4.1434, 4.1434, 5.2604, 6.9227]}
{'kgrid': [20, 20, 1], 'scf_energy_eV': -327.8408704648445, 'fermi_eV': -4.2454, 'dos_at_fermi': 8.562489999999997e-06, 'gamma_eigenvalues_eV': [-23.7787, -11.8678, -7.3017, -7.3017, -0.9488, -0.0453, 1.7543, 2.6639, 4.1433, 4.1433, 5.2604, 6.9227]}
