[2026-09-08 19:30:54,925] INFO: Starting MACE-ML installation check
/home/danil/chem_venv/lib/python3.13/site-packages/e3nn/o3/_wigner.py:10: UserWarning: Environment variable TORCH_FORCE_NO_WEIGHTS_ONLY_LOAD detected, since the`weights_only` argument was not explicitly passed to `torch.load`, forcing weights_only=False.
  _Jd, _W3j_flat, _W3j_indices = torch.load(os.path.join(os.path.dirname(__file__), 'constants.pt'))
[2026-09-08 19:30:58,441] INFO: MACE-ML installation check completed
[0;32m============================================================[0m
[0;32m[1m   MACE-ML Installation Check Script   [0m
[0;32m============================================================[0m


[1;33m============================================================[0m
[1;33m Conda Environment Information [0m
[1;33m============================================================[0m

[1mEnvironment:[0m base
[1mPrefix:[0m /home/danil/miniconda3
[1mPython:[0m 3.13.13
[1mOS:[0m Linux 7.0.0-31-generic
[1mPlatform:[0m x86_64
[0;32m✓[0m Conda environment has 321 packages installed

[1;33m============================================================[0m
[1;33m MACE Package Check [0m
[1;33m============================================================[0m

[0;32m✓[0m MACE package imported as 'mace' (version: 0.3.16)
  Location: /home/danil/chem_venv/lib/python3.13/site-packages/mace/__init__.py
[0;32m✓[0m MACE version 0.3.16 - compatible with this environment
cuequivariance or cuequivariance_torch is not available. Cuequivariance acceleration will be disabled.
[0;32m✓[0m Submodule mace.tools available
[0;32m✓[0m Submodule mace.data available
[0;32m✓[0m Submodule mace.calculators available
[0;32m✓[0m MACECalculator available from mace.calculators

[1;33m============================================================[0m
[1;33m ASE Integration Check [0m
[1;33m============================================================[0m

[0;32m✓[0m ASE installed (version: 3.29.0)
[1;33m⚠[0m MACE calculator not available in ASE.calculators.mace
[0;36m▶[0m   Try: from mace.calculators import MACECalculator

[1mAvailable MACE models:[0m
  No local model files found
[0;36m▶[0m   Download models from: https://github.com/ACEsuit/mace-models

[1;33m============================================================[0m
[1;33m PyTorch Setup Check [0m
[1;33m============================================================[0m

[0;32m✓[0m PyTorch installed (version: 2.13.0+cu130)
[1;33m⚠[0m CUDA not available - running on CPU only
[0;36m▶[0m For GPU support: conda install pytorch cudatoolkit -c pytorch
[0;36m▶[0m Or: pip install torch torchvision torchaudio --index-url https://download.pytorch.org/whl/cu118

[1;33m============================================================[0m
[1;33m e3nn Package Check [0m
[1;33m============================================================[0m

[0;32m✓[0m e3nn installed (version: 0.4.4)
[0;32m✓[0m e3nn module e3nn.o3 available
[0;32m✓[0m e3nn module e3nn.nn available
[0;32m✓[0m e3nn module e3nn.math available

[1;33m============================================================[0m
[1;33m Dependency Check [0m
[1;33m============================================================[0m

[0;32m✓[0m numpy 2.5.2 - Numerical operations
[0;32m✓[0m scipy 1.18.1 - Scientific computing
[0;32m✓[0m matplotlib 3.11.1 - Visualization (optional)
[0;32m✓[0m matscipy 1.2.0 - Materials science utilities
[0;32m✓[0m pandas 3.0.5 - Data handling (optional)
[0;32m✓[0m tqdm 4.70.0 - Progress bars (optional)
[0;32m✓[0m Core dependencies installed (6/6)

[1;33m============================================================[0m
[1;33m MACE Model Files [0m
[1;33m============================================================[0m

[1;33m⚠[0m No MACE model files found in common locations
[0;36m▶[0m Download models from: https://github.com/ACEsuit/mace-models
[0;36m▶[0m Example: wget https://github.com/ACEsuit/mace-models/raw/main/mace_ani.model

[1;33m============================================================[0m
[1;33m Test MACE Calculation [0m
[1;33m============================================================[0m

[0;36m▶[0m Using MACECalculator from mace.calculators
[1;33m⚠[0m No model files found, cannot run test calculation
[0;36m▶[0m Download a model to test the full functionality
[0;36m▶[0m Example: wget https://github.com/ACEsuit/mace-models/raw/main/mace_ani.model

[1;33m============================================================[0m
[1;33m Performance Settings [0m
[1;33m============================================================[0m

[1mEnvironment variables:[0m
  [0;32mOMP_NUM_THREADS[0m = 4 (OpenMP threads)
  [0;32mMKL_NUM_THREADS[0m = 4 (MKL threads)
  [0;32mCUDA_VISIBLE_DEVICES[0m =  (Visible CUDA devices)
  [1;33mTORCH_DEVICE[0m = Not set (PyTorch device)

[1mPyTorch configuration:[0m
  Default device: cpu
  cuDNN available: 92000

[1;33m============================================================[0m
[1;33m MACE-ML Installation Status Summary [0m
[1;33m============================================================[0m


[1mCheck Summary:[0m
  [0;32mPassed: 20[0m
  [0;31mFailed: 0[0m
  [1;33mWarnings: 4[0m
  Total Checks: 24

[1mEnvironment Summary:[0m
  PyTorch: 2.13.0+cu130 (CPU)
  MACE: 0.3.16
  ASE: 3.29.0

[0;32m[1m✓ MACE-ML installation appears to be healthy[0m

[1;33mRecommendations:[0m
  • Download MACE models for ready-to-use force fields
  • Install CUDA version of PyTorch for GPU acceleration
  • Set OMP_NUM_THREADS environment variable for better CPU performance

[0;36mLog file saved to: /tmp/mace_ml_check_20260908_193054.log[0m
