{
  "task": "I4",
  "started_utc": "2026-09-08T16:30:30.633710+00:00",
  "hostname": "danil-B760M-DS3H-DDR4",
  "python": "3.13.13 | packaged by conda-forge | (main, Apr  8 2026, 02:00:33) [GCC 14.3.0]",
  "ase": "3.29.0",
  "qe_command": "/usr/bin/mpirun --bind-to none -np 4 /usr/bin/pw.x",
  "cpu_affinity": [
    16,
    17,
    18,
    19
  ],
  "script_sha256": "7950adb82a9240df50cc3ddfc1534adde63632a98be45f6680f3c6c12b9515be"
}
Using Materials Project MACE for MACECalculator with /home/danil/.cache/mace/20231203mace128L1_epoch199model
Using float64 for MACECalculator, which is slower but more accurate. Recommended for geometry optimization.
/home/danil/chem_venv/lib/python3.13/site-packages/mace/calculators/mace.py:226: UserWarning: Environment variable TORCH_FORCE_NO_WEIGHTS_ONLY_LOAD detected, since the`weights_only` argument was not explicitly passed to `torch.load`, forcing weights_only=False.
  torch.load(f=model_path, map_location=device)
{
  "water_energy_eV": -14.160288596534972,
  "water_fmax_eV_A": 0.009001204982349296
}
