cuequivariance or cuequivariance_torch is not available. Cuequivariance acceleration will be disabled.

[1m================================================================================[0m
[1m   MACE Model Analyzer   [0m
[1m================================================================================[0m

[0;34mModels directory:[0m /home/danil/.cache/mace
[0;34mDevice:[0m cpu
[0;34mTest molecules:[0m H2O, CH4, NH3, CO2, CH3CH2OH, C6H6

[1mFound 3 models[0m

================================================================================

[0;36m────────────────────────────────────────────────────────────────────────────────[0m
[1m[1/3] Analyzing: macempa0mediummodel[0m
[0;36m────────────────────────────────────────────────────────────────────────────────[0m
  [0;34mSize:[0m 42.4 MB
  [0;34mModified:[0m 2026-08-26 12:08:59
  [0;34mArchitecture:[0m unknown
  [0;34mLayers:[0m unknown
  [0;34mType:[0m MPA (Materials Project)
  [0;34mElements supported:[0m Al, C, Cl, H, N, Na, O, Si
  [0;34mElement count:[0m 8
  [0;34mTesting on 6 molecules:[0m
  [0;32m✓ Model loaded successfully[0m
           H2O: -14.159366 eV (0.127s) [H, O]
           CH4: -23.912776 eV (0.259s) [H, C]
           NH3: -19.509018 eV (0.198s) [N, H]
           CO2: -22.777649 eV (0.069s) [C, O]
      CH3CH2OH: -47.152156 eV (0.379s) [H, C, O]
          C6H6: -75.705334 eV (0.372s) [H, C]

  [0;32m✓ Model summary:[0m
    Success: 6/6 molecules
    Total time: 1.404s
    Energy range: -75.705334 to -14.159366 eV
    Avg time per molecule: 0.234s
    Elements detected: Al, C, Cl, H, N, Na, O, Si

[0;36m────────────────────────────────────────────────────────────────────────────────[0m
[1m[2/3] Analyzing: 20231203mace128L1_epoch199model[0m
[0;36m────────────────────────────────────────────────────────────────────────────────[0m
  [0;34mSize:[0m 42.4 MB
  [0;34mModified:[0m 2026-08-26 12:08:59
  [0;34mArchitecture:[0m 128
  [0;34mLayers:[0m L1
  [0;34mType:[0m General
  [0;34mElements supported:[0m Al, C, Cl, H, N, Na, O, Si
  [0;34mElement count:[0m 8
  [0;34mTesting on 6 molecules:[0m
  [0;32m✓ Model loaded successfully[0m
           H2O: -14.159366 eV (0.134s) [H, O]
           CH4: -23.912776 eV (0.283s) [H, C]
           NH3: -19.509018 eV (0.214s) [N, H]
           CO2: -22.777649 eV (0.075s) [C, O]
      CH3CH2OH: -47.152156 eV (0.415s) [H, C, O]
          C6H6: -75.705334 eV (0.375s) [H, C]

  [0;32m✓ Model summary:[0m
    Success: 6/6 molecules
    Total time: 1.497s
    Energy range: -75.705334 to -14.159366 eV
    Avg time per molecule: 0.250s
    Elements detected: Al, C, Cl, H, N, Na, O, Si

[0;36m────────────────────────────────────────────────────────────────────────────────[0m
[1m[3/3] Analyzing: 20231210mace128L0_energy_epoch249model[0m
[0;36m────────────────────────────────────────────────────────────────────────────────[0m
  [0;34mSize:[0m 31.1 MB
  [0;34mModified:[0m 2026-08-26 10:35:21
  [0;34mArchitecture:[0m 128
  [0;34mLayers:[0m L0
  [0;34mType:[0m Energy trained
  [0;34mElements supported:[0m Al, C, Cl, H, N, Na, O, Si
  [0;34mElement count:[0m 8
  [0;34mTesting on 6 molecules:[0m
  [0;32m✓ Model loaded successfully[0m
           H2O: -14.047933 eV (0.135s) [H, O]
           CH4: -23.766246 eV (0.249s) [H, C]
           NH3: -19.506738 eV (0.190s) [N, H]
           CO2: -22.829908 eV (0.101s) [C, O]
      CH3CH2OH: -46.776141 eV (0.391s) [H, C, O]
          C6H6: -76.060573 eV (0.379s) [H, C]

  [0;32m✓ Model summary:[0m
    Success: 6/6 molecules
    Total time: 1.445s
    Energy range: -76.060573 to -14.047933 eV
    Avg time per molecule: 0.241s
    Elements detected: Al, C, Cl, H, N, Na, O, Si

[1m================================================================================[0m
[1m   ANALYSIS REPORT   [0m
[1m================================================================================[0m

[0;36m1. Model Overview:[0m
Model Name                         Size               Type        Elements     Arch   Layers
-----------------------------------------------------------------------------------------------
macempa0mediummodel               42.4MB MPA (Materials Pro Al, C, Cl, H, N (+3)  unknown  unknown
20231203mace128L1_epoch199mo      42.4MB            General Al, C, Cl, H, N (+3)      128       L1
20231210mace128L0_energy_epo      31.1MB     Energy trained Al, C, Cl, H, N (+3)      128       L0

[0;36m2. Element Coverage Summary:[0m
Element       Frequency       Tested in    Models supporting
------------------------------------------------------------
Al                    3                                    3/3
C                     3 CH4, CO2, CH3CH2OH (+1)                    3/3
Cl                    3                                    3/3
H                     3 H2O, CH4, NH3 (+2)                    3/3
N                     3             NH3                    3/3
Na                    3                                    3/3
O                     3 H2O, CO2, CH3CH2OH                    3/3
Si                    3                                    3/3

[0;36m3. Performance Comparison:[0m
Model                             Success  Total Time (s)    Avg Time (s)        Elements
------------------------------------------------------------------------------------------
macempa0mediummodel                     6/6           1.404           0.234               8
20231203mace128L1_epoch199mo            6/6           1.497           0.250               8
20231210mace128L0_energy_epo            6/6           1.445           0.241               8

[0;36m4. Energy Comparison (eV):[0m
    Molecule    macempa0mediummodel 20231203mace128L1_ep... 20231210mace128L0_en...
------------------------------------------------------------------------------
         H2O             -14.159366             -14.159366             -14.047933
         CH4             -23.912776             -23.912776             -23.766246
         NH3             -19.509018             -19.509018             -19.506738
         CO2             -22.777649             -22.777649             -22.829908
    CH3CH2OH             -47.152156             -47.152156             -46.776141
        C6H6             -75.705334             -75.705334             -76.060573

[0;36m5. Performance Summary:[0m
  [0;32mFastest model:[0m macempa0mediummodel (0.234s per molecule)
  [0;32mMost elements supported:[0m macempa0mediummodel (8 elements)
  [0;32mSmallest model:[0m 20231210mace128L0_energy_epoch249model (31.1 MB)
  [0;32mLargest model:[0m macempa0mediummodel (42.4 MB)

[0;36m6. Recommendations:[0m
  • For quick calculations: macempa0mediummodel
  • For broad element coverage: macempa0mediummodel (8 elements)
  • For maximum accuracy: macempa0mediummodel (largest model)

[0;36m7. Detailed Results:[0m
  • Run 'python mace_calc.py --list' to see all models
  • Run 'python mace_calc.py [molecule] [model]' for specific calculations
  • Element coverage detected by testing molecules

[0;32m================================================================================[0m
[0;32m✓ Analysis complete![0m
[0;32m================================================================================[0m

[0;36mUsage examples:[0m
  python model_analyzer.py
  python model_analyzer.py --device cuda
  python model_analyzer.py --export
  python model_analyzer.py --silent
  python model_analyzer.py --config my_config.txt
