{
  "task": "II8",
  "started_utc": "2026-09-08T16:47:52.995964+00:00",
  "hostname": "danil-B760M-DS3H-DDR4",
  "python": "3.13.13 | packaged by conda-forge | (main, Apr  8 2026, 02:00:33) [GCC 14.3.0]",
  "ase": "3.29.0",
  "qe_command": "mpirun -np 4 /home/danil/miniconda3/bin/pw.x",
  "cpu_affinity": [
    0,
    1,
    2,
    3,
    4,
    5,
    6,
    7,
    8,
    9,
    10,
    11,
    12,
    13,
    14,
    15,
    16,
    17,
    18,
    19,
    20,
    21,
    22,
    23,
    24,
    25,
    26,
    27,
    28,
    29,
    30,
    31
  ],
  "script_sha256": "cd827b0c3194b529de7122863f0642ad88b64f1396838be26efb37fec17d1c75"
}
